// Jest Snapshot v1, https://goo.gl/fbAQLP

exports[`icon 是个icon 1`] = `
<svg
  className="miro-icon"
>
  <use
    xlinkHref="#github"
  />
</svg>
`;
