// Jest Snapshot v1, https://goo.gl/fbAQLP

exports[`input 存在 1`] = `
<input
  className="miro-input"
/>
`;
